URL: /
Timestamp: Thu Jun 15 2023 21:20:03 GMT-0400 (Eastern Daylight Time)

URL: /test.js
Timestamp: Thu Jun 15 2023 21:20:03 GMT-0400 (Eastern Daylight Time)

URL: /favicon.ico
Timestamp: Thu Jun 15 2023 21:20:03 GMT-0400 (Eastern Daylight Time)

URL: /
Timestamp: Thu Jun 15 2023 21:20:06 GMT-0400 (Eastern Daylight Time)

URL: /test.js
Timestamp: Thu Jun 15 2023 21:20:06 GMT-0400 (Eastern Daylight Time)

URL: /
Timestamp: Thu Jun 15 2023 21:20:13 GMT-0400 (Eastern Daylight Time)

URL: /test.js
Timestamp: Thu Jun 15 2023 21:20:13 GMT-0400 (Eastern Daylight Time)

URL: /documentation
Timestamp: Thu Jun 15 2023 21:20:30 GMT-0400 (Eastern Daylight Time)

URL: /documentation
Timestamp: Thu Jun 15 2023 21:20:33 GMT-0400 (Eastern Daylight Time)

URL: /documentation
Timestamp: Thu Jun 15 2023 21:20:34 GMT-0400 (Eastern Daylight Time)

URL: /favicon.ico
Timestamp: Thu Jun 15 2023 21:20:34 GMT-0400 (Eastern Daylight Time)

URL: /documentation
Timestamp: Thu Jun 15 2023 21:23:43 GMT-0400 (Eastern Daylight Time)

URL: /
Timestamp: Thu Jun 15 2023 21:23:48 GMT-0400 (Eastern Daylight Time)

URL: /test.js
Timestamp: Thu Jun 15 2023 21:23:48 GMT-0400 (Eastern Daylight Time)

::ffff:127.0.0.1 - - [20/Jun/2023:17:04:42 +0000] "GET / HTTP/1.1" 200 20 "-" "Mozilla/5.0 (Windows NT 10.0; Win64; x64; rv:109.0) Gecko/20100101 Firefox/114.0"
::ffff:127.0.0.1 - - [20/Jun/2023:17:04:48 +0000] "GET /movies HTTP/1.1" 304 - "-" "Mozilla/5.0 (Windows NT 10.0; Win64; x64; rv:109.0) Gecko/20100101 Firefox/114.0"
::ffff:127.0.0.1 - - [20/Jun/2023:17:04:59 +0000] "GET /documentation HTTP/1.1" 304 - "-" "Mozilla/5.0 (Windows NT 10.0; Win64; x64; rv:109.0) Gecko/20100101 Firefox/114.0"
::ffff:127.0.0.1 - - [28/Jun/2023:19:51:13 +0000] "GET / HTTP/1.1" 200 20 "-" "Mozilla/5.0 (Windows NT 10.0; Win64; x64; rv:109.0) Gecko/20100101 Firefox/114.0"
::ffff:127.0.0.1 - - [28/Jun/2023:19:51:13 +0000] "GET /favicon.ico HTTP/1.1" 404 150 "http://localhost:8080/" "Mozilla/5.0 (Windows NT 10.0; Win64; x64; rv:109.0) Gecko/20100101 Firefox/114.0"
::ffff:127.0.0.1 - - [28/Jun/2023:19:51:18 +0000] "GET /movies HTTP/1.1" 200 1967 "-" "Mozilla/5.0 (Windows NT 10.0; Win64; x64; rv:109.0) Gecko/20100101 Firefox/114.0"
::ffff:127.0.0.1 - - [28/Jun/2023:19:51:49 +0000] "GET /movies/interstellar HTTP/1.1" 400 13 "-" "Mozilla/5.0 (Windows NT 10.0; Win64; x64; rv:109.0) Gecko/20100101 Firefox/114.0"
::ffff:127.0.0.1 - - [28/Jun/2023:19:52:00 +0000] "GET /movies/%20interstellar HTTP/1.1" 400 13 "-" "Mozilla/5.0 (Windows NT 10.0; Win64; x64; rv:109.0) Gecko/20100101 Firefox/114.0"
::ffff:127.0.0.1 - - [28/Jun/2023:19:54:03 +0000] "GET /movies/Interstellar HTTP/1.1" 400 13 "-" "Mozilla/5.0 (Windows NT 10.0; Win64; x64; rv:109.0) Gecko/20100101 Firefox/114.0"
::ffff:127.0.0.1 - - [28/Jun/2023:19:55:10 +0000] "GET /movies/Interstellar HTTP/1.1" 400 13 "-" "Mozilla/5.0 (Windows NT 10.0; Win64; x64; rv:109.0) Gecko/20100101 Firefox/114.0"
::ffff:127.0.0.1 - - [28/Jun/2023:19:55:11 +0000] "GET /movies/Interstellar HTTP/1.1" 400 13 "-" "Mozilla/5.0 (Windows NT 10.0; Win64; x64; rv:109.0) Gecko/20100101 Firefox/114.0"
::1 - - [28/Jun/2023:20:35:34 +0000] "GET /movie HTTP/1.1" 404 144 "-" "PostmanRuntime/7.32.3"
::1 - - [28/Jun/2023:20:35:59 +0000] "GET /movies HTTP/1.1" 200 1967 "-" "PostmanRuntime/7.32.3"
::1 - - [28/Jun/2023:20:36:07 +0000] "GET /movies HTTP/1.1" 200 1967 "-" "PostmanRuntime/7.32.3"
::1 - - [28/Jun/2023:20:38:34 +0000] "GET /movies/interstellar HTTP/1.1" 400 13 "-" "PostmanRuntime/7.32.3"
::ffff:127.0.0.1 - - [28/Jun/2023:20:40:03 +0000] "GET /movies/Interstellar HTTP/1.1" 400 13 "-" "Mozilla/5.0 (Windows NT 10.0; Win64; x64; rv:109.0) Gecko/20100101 Firefox/114.0"
::ffff:127.0.0.1 - - [28/Jun/2023:20:40:03 +0000] "GET /favicon.ico HTTP/1.1" - - "http://localhost:8080/movies/Interstellar" "Mozilla/5.0 (Windows NT 10.0; Win64; x64; rv:109.0) Gecko/20100101 Firefox/114.0"
::ffff:127.0.0.1 - - [28/Jun/2023:20:40:03 +0000] "GET /movies/Interstellar HTTP/1.1" 400 13 "-" "Mozilla/5.0 (Windows NT 10.0; Win64; x64; rv:109.0) Gecko/20100101 Firefox/114.0"
::ffff:127.0.0.1 - - [28/Jun/2023:20:40:04 +0000] "GET /movies/Interstellar HTTP/1.1" 400 13 "-" "Mozilla/5.0 (Windows NT 10.0; Win64; x64; rv:109.0) Gecko/20100101 Firefox/114.0"
::ffff:127.0.0.1 - - [28/Jun/2023:20:40:06 +0000] "GET /movies/Interstellar HTTP/1.1" 400 13 "-" "Mozilla/5.0 (Windows NT 10.0; Win64; x64; rv:109.0) Gecko/20100101 Firefox/114.0"
::ffff:127.0.0.1 - - [28/Jun/2023:20:40:44 +0000] "GET /movies/Interstellar HTTP/1.1" 400 13 "-" "Mozilla/5.0 (Windows NT 10.0; Win64; x64; rv:109.0) Gecko/20100101 Firefox/114.0"
::ffff:127.0.0.1 - - [28/Jun/2023:20:40:46 +0000] "GET /movies/Interstellar HTTP/1.1" 400 13 "-" "Mozilla/5.0 (Windows NT 10.0; Win64; x64; rv:109.0) Gecko/20100101 Firefox/114.0"
::ffff:127.0.0.1 - - [28/Jun/2023:20:42:42 +0000] "GET /movies/Interstellar HTTP/1.1" 400 13 "-" "Mozilla/5.0 (Windows NT 10.0; Win64; x64; rv:109.0) Gecko/20100101 Firefox/114.0"
::ffff:127.0.0.1 - - [28/Jun/2023:20:42:43 +0000] "GET /movies/Interstellar HTTP/1.1" 400 13 "-" "Mozilla/5.0 (Windows NT 10.0; Win64; x64; rv:109.0) Gecko/20100101 Firefox/114.0"
::ffff:127.0.0.1 - - [28/Jun/2023:20:43:05 +0000] "GET /movies/Interstellar HTTP/1.1" 400 13 "-" "Mozilla/5.0 (Windows NT 10.0; Win64; x64; rv:109.0) Gecko/20100101 Firefox/114.0"
::ffff:127.0.0.1 - - [28/Jun/2023:20:43:06 +0000] "GET /movies/Interstellar HTTP/1.1" 400 13 "-" "Mozilla/5.0 (Windows NT 10.0; Win64; x64; rv:109.0) Gecko/20100101 Firefox/114.0"
::ffff:127.0.0.1 - - [28/Jun/2023:20:43:07 +0000] "GET /movies/Interstellar HTTP/1.1" 400 13 "-" "Mozilla/5.0 (Windows NT 10.0; Win64; x64; rv:109.0) Gecko/20100101 Firefox/114.0"
::ffff:127.0.0.1 - - [28/Jun/2023:20:43:14 +0000] "GET /movies/ HTTP/1.1" 200 1967 "-" "Mozilla/5.0 (Windows NT 10.0; Win64; x64; rv:109.0) Gecko/20100101 Firefox/114.0"
::ffff:127.0.0.1 - - [28/Jun/2023:20:43:28 +0000] "GET /movies/Interstellar HTTP/1.1" 400 13 "-" "Mozilla/5.0 (Windows NT 10.0; Win64; x64; rv:109.0) Gecko/20100101 Firefox/114.0"
::ffff:127.0.0.1 - - [28/Jun/2023:20:44:29 +0000] "GET /movies/Interstellar HTTP/1.1" 400 13 "-" "Mozilla/5.0 (Windows NT 10.0; Win64; x64; rv:109.0) Gecko/20100101 Firefox/114.0"
::ffff:127.0.0.1 - - [28/Jun/2023:20:44:29 +0000] "GET /movies/Interstellar HTTP/1.1" 400 13 "-" "Mozilla/5.0 (Windows NT 10.0; Win64; x64; rv:109.0) Gecko/20100101 Firefox/114.0"
::ffff:127.0.0.1 - - [28/Jun/2023:20:44:30 +0000] "GET /movies/Interstellar HTTP/1.1" 400 13 "-" "Mozilla/5.0 (Windows NT 10.0; Win64; x64; rv:109.0) Gecko/20100101 Firefox/114.0"
::ffff:127.0.0.1 - - [28/Jun/2023:20:51:24 +0000] "GET /movies/Interstellar HTTP/1.1" 200 732 "-" "Mozilla/5.0 (Windows NT 10.0; Win64; x64; rv:109.0) Gecko/20100101 Firefox/114.0"
::ffff:127.0.0.1 - - [28/Jun/2023:20:51:25 +0000] "GET /movies/Interstellar HTTP/1.1" 304 - "-" "Mozilla/5.0 (Windows NT 10.0; Win64; x64; rv:109.0) Gecko/20100101 Firefox/114.0"
::ffff:127.0.0.1 - - [28/Jun/2023:20:51:26 +0000] "GET /movies/Interstellar HTTP/1.1" 304 - "-" "Mozilla/5.0 (Windows NT 10.0; Win64; x64; rv:109.0) Gecko/20100101 Firefox/114.0"
::ffff:127.0.0.1 - - [28/Jun/2023:20:51:26 +0000] "GET /movies/Interstellar HTTP/1.1" 304 - "-" "Mozilla/5.0 (Windows NT 10.0; Win64; x64; rv:109.0) Gecko/20100101 Firefox/114.0"
::ffff:127.0.0.1 - - [28/Jun/2023:20:51:26 +0000] "GET /movies/Interstellar HTTP/1.1" 304 - "-" "Mozilla/5.0 (Windows NT 10.0; Win64; x64; rv:109.0) Gecko/20100101 Firefox/114.0"
::ffff:127.0.0.1 - - [28/Jun/2023:20:51:26 +0000] "GET /movies/Interstellar HTTP/1.1" 304 - "-" "Mozilla/5.0 (Windows NT 10.0; Win64; x64; rv:109.0) Gecko/20100101 Firefox/114.0"
::ffff:127.0.0.1 - - [28/Jun/2023:20:51:27 +0000] "GET /movies/Interstellar HTTP/1.1" 304 - "-" "Mozilla/5.0 (Windows NT 10.0; Win64; x64; rv:109.0) Gecko/20100101 Firefox/114.0"
::ffff:127.0.0.1 - - [28/Jun/2023:20:51:28 +0000] "GET /movies/Interstellar HTTP/1.1" 304 - "-" "Mozilla/5.0 (Windows NT 10.0; Win64; x64; rv:109.0) Gecko/20100101 Firefox/114.0"
::ffff:127.0.0.1 - - [28/Jun/2023:20:52:48 +0000] "GET /movies/Indiana%20Jone%20sand%20the%20Raiders%20of%20the%20Lost%20Ark HTTP/1.1" 400 13 "-" "Mozilla/5.0 (Windows NT 10.0; Win64; x64; rv:109.0) Gecko/20100101 Firefox/114.0"
::ffff:127.0.0.1 - - [28/Jun/2023:20:53:52 +0000] "GET /movies/star20 HTTP/1.1" 400 13 "-" "Mozilla/5.0 (Windows NT 10.0; Win64; x64; rv:109.0) Gecko/20100101 Firefox/114.0"
::ffff:127.0.0.1 - - [28/Jun/2023:20:53:58 +0000] "GET /movies/star%20wars HTTP/1.1" 400 13 "-" "Mozilla/5.0 (Windows NT 10.0; Win64; x64; rv:109.0) Gecko/20100101 Firefox/114.0"
::ffff:127.0.0.1 - - [28/Jun/2023:20:54:28 +0000] "GET /movies/star%20wars HTTP/1.1" 400 13 "-" "Mozilla/5.0 (Windows NT 10.0; Win64; x64; rv:109.0) Gecko/20100101 Firefox/114.0"
::1 - - [28/Jun/2023:20:54:38 +0000] "GET /movies/interstellar HTTP/1.1" 400 13 "-" "PostmanRuntime/7.32.3"
::1 - - [28/Jun/2023:20:54:39 +0000] "GET /movies/interstellar HTTP/1.1" 400 13 "-" "PostmanRuntime/7.32.3"
::1 - - [28/Jun/2023:20:54:40 +0000] "GET /movies/interstellar HTTP/1.1" 400 13 "-" "PostmanRuntime/7.32.3"
::1 - - [28/Jun/2023:20:54:42 +0000] "GET /movies/interstellar HTTP/1.1" 400 13 "-" "PostmanRuntime/7.32.3"
::1 - - [28/Jun/2023:20:54:54 +0000] "GET /movies/interstellar HTTP/1.1" 400 13 "-" "PostmanRuntime/7.32.3"
::1 - - [28/Jun/2023:20:54:59 +0000] "GET /movies/Interstellar HTTP/1.1" 200 732 "-" "PostmanRuntime/7.32.3"
::1 - - [28/Jun/2023:20:55:05 +0000] "GET /movies/Interstellar HTTP/1.1" 200 732 "-" "PostmanRuntime/7.32.3"
::1 - - [28/Jun/2023:20:55:14 +0000] "GET /movies/Star%20Wars HTTP/1.1" 200 620 "-" "PostmanRuntime/7.32.3"
::ffff:127.0.0.1 - - [28/Jun/2023:20:55:33 +0000] "GET /movies/Star%20Wars HTTP/1.1" 200 620 "-" "Mozilla/5.0 (Windows NT 10.0; Win64; x64; rv:109.0) Gecko/20100101 Firefox/114.0"
::ffff:127.0.0.1 - - [28/Jun/2023:20:55:55 +0000] "GET /movies/Star%20Wars HTTP/1.1" 400 13 "-" "Mozilla/5.0 (Windows NT 10.0; Win64; x64; rv:109.0) Gecko/20100101 Firefox/114.0"
::ffff:127.0.0.1 - - [28/Jun/2023:20:56:02 +0000] "GET /movies/Star%20Wars HTTP/1.1" 400 13 "-" "Mozilla/5.0 (Windows NT 10.0; Win64; x64; rv:109.0) Gecko/20100101 Firefox/114.0"
::1 - - [28/Jun/2023:20:57:18 +0000] "GET /movies/Star%20Wars HTTP/1.1" 400 13 "-" "PostmanRuntime/7.32.3"
::1 - - [28/Jun/2023:20:57:19 +0000] "GET /movies/Star%20Wars HTTP/1.1" 400 13 "-" "PostmanRuntime/7.32.3"
::ffff:127.0.0.1 - - [28/Jun/2023:21:00:13 +0000] "GET /movies/Star%20Wars HTTP/1.1" 200 620 "-" "Mozilla/5.0 (Windows NT 10.0; Win64; x64; rv:109.0) Gecko/20100101 Firefox/114.0"
::1 - - [28/Jun/2023:21:00:22 +0000] "GET /movies/Star%20Wars HTTP/1.1" 200 620 "-" "PostmanRuntime/7.32.3"
::1 - - [28/Jun/2023:21:02:24 +0000] "GET /movies HTTP/1.1" 200 1942 "-" "PostmanRuntime/7.32.3"
::1 - - [28/Jun/2023:21:03:15 +0000] "GET /movies/Star%20Wars HTTP/1.1" 200 620 "-" "PostmanRuntime/7.32.3"
::1 - - [28/Jun/2023:21:04:12 +0000] "GET /movies/genre/Adventure HTTP/1.1" 500 16 "-" "PostmanRuntime/7.32.3"
::1 - - [28/Jun/2023:21:05:46 +0000] "GET /movies/genre/Adventure HTTP/1.1" 200 187 "-" "PostmanRuntime/7.32.3"
::1 - - [28/Jun/2023:21:07:41 +0000] "GET /movies/directors/George%20Lucas HTTP/1.1" 500 16 "-" "PostmanRuntime/7.32.3"
::1 - - [28/Jun/2023:21:07:48 +0000] "GET /movies/Directors/George%20Lucas HTTP/1.1" 500 16 "-" "PostmanRuntime/7.32.3"
::1 - - [28/Jun/2023:21:10:17 +0000] "GET /movies/Directors/George%20Lucas HTTP/1.1" 404 170 "-" "PostmanRuntime/7.32.3"
::1 - - [28/Jun/2023:21:10:28 +0000] "GET /movies/Director/George%20Lucas HTTP/1.1" 500 16 "-" "PostmanRuntime/7.32.3"
::1 - - [28/Jun/2023:21:10:34 +0000] "GET /movies/director/George%20Lucas HTTP/1.1" 500 16 "-" "PostmanRuntime/7.32.3"
::1 - - [28/Jun/2023:21:10:35 +0000] "GET /movies/director/George%20Lucas HTTP/1.1" 500 16 "-" "PostmanRuntime/7.32.3"
::ffff:127.0.0.1 - - [28/Jun/2023:21:13:14 +0000] "GET /movies/director/George%20Lucas HTTP/1.1" 500 16 "-" "Mozilla/5.0 (Windows NT 10.0; Win64; x64; rv:109.0) Gecko/20100101 Firefox/114.0"
::ffff:127.0.0.1 - - [28/Jun/2023:21:13:50 +0000] "GET /movies/Director/George%20Lucas HTTP/1.1" 500 16 "-" "Mozilla/5.0 (Windows NT 10.0; Win64; x64; rv:109.0) Gecko/20100101 Firefox/114.0"
::ffff:127.0.0.1 - - [28/Jun/2023:21:13:53 +0000] "GET /movies/Director/George%20Lucas HTTP/1.1" 500 16 "-" "Mozilla/5.0 (Windows NT 10.0; Win64; x64; rv:109.0) Gecko/20100101 Firefox/114.0"
::ffff:127.0.0.1 - - [28/Jun/2023:21:14:03 +0000] "GET /movies/Director/George%20Lucas HTTP/1.1" 500 16 "-" "Mozilla/5.0 (Windows NT 10.0; Win64; x64; rv:109.0) Gecko/20100101 Firefox/114.0"
::ffff:127.0.0.1 - - [28/Jun/2023:21:15:03 +0000] "GET /movies/Director/George%20Lucas HTTP/1.1" 500 16 "-" "Mozilla/5.0 (Windows NT 10.0; Win64; x64; rv:109.0) Gecko/20100101 Firefox/114.0"
::ffff:127.0.0.1 - - [28/Jun/2023:21:15:05 +0000] "GET /movies/Director/George%20Lucas HTTP/1.1" 500 16 "-" "Mozilla/5.0 (Windows NT 10.0; Win64; x64; rv:109.0) Gecko/20100101 Firefox/114.0"
::ffff:127.0.0.1 - - [28/Jun/2023:21:15:13 +0000] "GET /movies/Director/George%20Lucas HTTP/1.1" 500 16 "-" "Mozilla/5.0 (Windows NT 10.0; Win64; x64; rv:109.0) Gecko/20100101 Firefox/114.0"
::ffff:127.0.0.1 - - [28/Jun/2023:21:15:28 +0000] "GET /movies/director/George%20Lucas HTTP/1.1" 500 16 "-" "Mozilla/5.0 (Windows NT 10.0; Win64; x64; rv:109.0) Gecko/20100101 Firefox/114.0"
::ffff:127.0.0.1 - - [28/Jun/2023:21:16:04 +0000] "GET /movies/director/Christopher%20Nolan HTTP/1.1" 500 16 "-" "Mozilla/5.0 (Windows NT 10.0; Win64; x64; rv:109.0) Gecko/20100101 Firefox/114.0"
::ffff:127.0.0.1 - - [28/Jun/2023:21:17:33 +0000] "GET /movies/director/Christopher%20Nolan HTTP/1.1" 200 137 "-" "Mozilla/5.0 (Windows NT 10.0; Win64; x64; rv:109.0) Gecko/20100101 Firefox/114.0"
::1 - - [28/Jun/2023:21:17:38 +0000] "GET /movies/director/George%20Lucas HTTP/1.1" 200 137 "-" "PostmanRuntime/7.32.3"
::1 - - [28/Jun/2023:21:21:47 +0000] "POST /users HTTP/1.1" 404 145 "-" "PostmanRuntime/7.32.3"
::1 - - [28/Jun/2023:21:22:13 +0000] "POST /users HTTP/1.1" 404 145 "-" "PostmanRuntime/7.32.3"
::1 - - [28/Jun/2023:21:22:36 +0000] "POST /users HTTP/1.1" 404 145 "-" "PostmanRuntime/7.32.3"
::1 - - [28/Jun/2023:21:24:41 +0000] "POST /users HTTP/1.1" 500 16 "-" "PostmanRuntime/7.32.3"
::1 - - [28/Jun/2023:21:27:13 +0000] "POST /users HTTP/1.1" 500 16 "-" "PostmanRuntime/7.32.3"
::1 - - [28/Jun/2023:21:34:57 +0000] "POST /users HTTP/1.1" 500 16 "-" "PostmanRuntime/7.32.3"
::1 - - [28/Jun/2023:21:36:37 +0000] "POST /users HTTP/1.1" 500 16 "-" "PostmanRuntime/7.32.3"
::ffff:127.0.0.1 - - [28/Jun/2023:21:37:03 +0000] "GET /movies/users HTTP/1.1" 400 13 "-" "Mozilla/5.0 (Windows NT 10.0; Win64; x64; rv:109.0) Gecko/20100101 Firefox/114.0"
::ffff:127.0.0.1 - - [28/Jun/2023:21:37:08 +0000] "GET /users HTTP/1.1" 404 144 "-" "Mozilla/5.0 (Windows NT 10.0; Win64; x64; rv:109.0) Gecko/20100101 Firefox/114.0"
::1 - - [28/Jun/2023:21:38:09 +0000] "POST /users HTTP/1.1" 500 16 "-" "PostmanRuntime/7.32.3"
::1 - - [28/Jun/2023:21:41:22 +0000] "POST /users HTTP/1.1" 500 16 "-" "PostmanRuntime/7.32.3"
::1 - - [28/Jun/2023:21:41:29 +0000] "POST /users HTTP/1.1" 500 16 "-" "PostmanRuntime/7.32.3"
::1 - - [28/Jun/2023:21:41:36 +0000] "POST /users HTTP/1.1" 500 16 "-" "PostmanRuntime/7.32.3"
::1 - - [28/Jun/2023:21:41:42 +0000] "POST /users HTTP/1.1" 500 16 "-" "PostmanRuntime/7.32.3"
::1 - - [28/Jun/2023:21:41:47 +0000] "POST /users HTTP/1.1" 500 16 "-" "PostmanRuntime/7.32.3"
::1 - - [28/Jun/2023:21:41:54 +0000] "POST /users HTTP/1.1" 500 16 "-" "PostmanRuntime/7.32.3"
::1 - - [28/Jun/2023:21:41:55 +0000] "POST /users HTTP/1.1" 500 16 "-" "PostmanRuntime/7.32.3"
::1 - - [28/Jun/2023:21:42:27 +0000] "POST /users HTTP/1.1" 500 16 "-" "PostmanRuntime/7.32.3"
::1 - - [28/Jun/2023:21:42:31 +0000] "POST /users HTTP/1.1" 500 16 "-" "PostmanRuntime/7.32.3"
::1 - - [28/Jun/2023:21:42:38 +0000] "POST /users HTTP/1.1" 500 16 "-" "PostmanRuntime/7.32.3"
::1 - - [28/Jun/2023:21:42:40 +0000] "POST /users HTTP/1.1" 500 16 "-" "PostmanRuntime/7.32.3"
::1 - - [28/Jun/2023:21:42:50 +0000] "POST /users HTTP/1.1" 500 16 "-" "PostmanRuntime/7.32.3"
::1 - - [28/Jun/2023:21:42:54 +0000] "POST /users HTTP/1.1" 500 16 "-" "PostmanRuntime/7.32.3"
::1 - - [28/Jun/2023:21:42:57 +0000] "POST /users HTTP/1.1" 500 16 "-" "PostmanRuntime/7.32.3"
::1 - - [28/Jun/2023:21:46:50 +0000] "POST /users HTTP/1.1" 500 16 "-" "PostmanRuntime/7.32.3"
::1 - - [28/Jun/2023:21:46:52 +0000] "POST /users HTTP/1.1" 500 16 "-" "PostmanRuntime/7.32.3"
::1 - - [28/Jun/2023:21:47:11 +0000] "POST /users HTTP/1.1" 500 16 "-" "PostmanRuntime/7.32.3"
::1 - - [28/Jun/2023:21:48:04 +0000] "POST /users HTTP/1.1" 500 16 "-" "PostmanRuntime/7.32.3"
::ffff:127.0.0.1 - - [28/Jun/2023:21:48:09 +0000] "GET /users HTTP/1.1" 404 144 "-" "Mozilla/5.0 (Windows NT 10.0; Win64; x64; rv:109.0) Gecko/20100101 Firefox/114.0"
::1 - - [28/Jun/2023:21:50:55 +0000] "POST /users HTTP/1.1" 201 79 "-" "PostmanRuntime/7.32.3"
::1 - - [28/Jun/2023:21:53:46 +0000] "PUT /users/1 HTTP/1.1" 200 54 "-" "PostmanRuntime/7.32.3"
::1 - - [28/Jun/2023:21:55:24 +0000] "POST /users/1/Star%20Wars HTTP/1.1" 500 16 "-" "PostmanRuntime/7.32.3"
::1 - - [28/Jun/2023:21:55:47 +0000] "POST /users/1/Star%20Wars HTTP/1.1" 500 16 "-" "PostmanRuntime/7.32.3"
::1 - - [28/Jun/2023:21:55:49 +0000] "POST /users/1/Star%20Wars HTTP/1.1" 500 16 "-" "PostmanRuntime/7.32.3"
::1 - - [28/Jun/2023:21:56:43 +0000] "POST /users/1/Star%20Wars HTTP/1.1" 200 42 "-" "PostmanRuntime/7.32.3"
::1 - - [28/Jun/2023:21:59:21 +0000] "DELETE /users/2/Interstellar HTTP/1.1" 200 49 "-" "PostmanRuntime/7.32.3"
::1 - - [28/Jun/2023:22:03:40 +0000] "DELETE /users/1 HTTP/1.1" 200 23 "-" "PostmanRuntime/7.32.3"
